$0100 : Deceleration      : 1 bytes : D:\anwork\ArduinoISP\ALG328\CommAdapter.alp
$0101 : DecelerationIndex : 1 bytes : D:\anwork\ArduinoISP\ALG328\CommAdapter.alp
$0102 : FlashPageSize     : 1 bytes : D:\anwork\ArduinoISP\ALG328\CommAdapter.alp
$0103 : EEPROMPageSize    : 1 bytes : D:\anwork\ArduinoISP\ALG328\CommAdapter.alp
$0104 : PollReadyExists   : 1 bytes : D:\anwork\ArduinoISP\ALG328\CommAdapter.alp
$0105 : Enabled           : 1 bytes : D:\anwork\ArduinoISP\ALG328\CommAdapter.alp
$0106 : Addr0             : 1 bytes : D:\anwork\ArduinoISP\ALG328\Respondents.alg
$0107 : Addr1             : 1 bytes : D:\anwork\ArduinoISP\ALG328\Respondents.alg
$0108 : Addr2             : 1 bytes : D:\anwork\ArduinoISP\ALG328\Respondents.alg
$0109 : Buffer            : 1 bytes : D:\anwork\ArduinoISP\ALG328\Respondents.alg
$0149 : PageSize          : 1 bytes : D:\anwork\ArduinoISP\ALG328\Respondents.alg
$014A : DataOut           : 1 bytes : D:\anwork\ArduinoISP\ALG328\SPI.alg
$014A : DataOut0          : 1 bytes : D:\anwork\ArduinoISP\ALG328\SPI.alg
$014B : DataOut1          : 1 bytes : D:\anwork\ArduinoISP\ALG328\SPI.alg
$014C : DataOut2          : 1 bytes : D:\anwork\ArduinoISP\ALG328\SPI.alg
$014D : DataOut3          : 1 bytes : D:\anwork\ArduinoISP\ALG328\SPI.alg
$014E : DataIn            : 1 bytes : D:\anwork\ArduinoISP\ALG328\SPI.alg
$014E : DataIn0           : 1 bytes : D:\anwork\ArduinoISP\ALG328\SPI.alg
$014F : DataIn1           : 1 bytes : D:\anwork\ArduinoISP\ALG328\SPI.alg
$0150 : DataIn2           : 1 bytes : D:\anwork\ArduinoISP\ALG328\SPI.alg
$0151 : DataIn3           : 1 bytes : D:\anwork\ArduinoISP\ALG328\SPI.alg
$0152 : CRC               : 2 bytes : D:\anwork\ArduinoISP\ALG328\CRC.alg
$0154 : mon_Instruction   : 1 bytes : D:\anwork\ArduinoISP\ALG328\Monitor.alg
$0154 : mon_Address       : 2 bytes : D:\anwork\ArduinoISP\ALG328\Monitor.alg
$0156 : mon_Count         : 2 bytes : D:\anwork\ArduinoISP\ALG328\Monitor.alg
$0158 : mon_Command       : 1 bytes : D:\anwork\ArduinoISP\ALG328\Monitor.alg
$0159 : mon_WriteByte     : 1 bytes : D:\anwork\ArduinoISP\ALG328\Monitor.alg
